// Jest Snapshot v1, https://goo.gl/fbAQLP

exports[`#html2atom returns an Atom feed 1`] = `
"<?xml version=\\"1.0\\" encoding=\\"utf-8\\"?>
<feed xmlns=\\"http://www.w3.org/2005/Atom\\">
    <id>https://www.keyakizaka46.com/</id>
    <title>欅坂46公式サイト</title>
    <updated>2020-05-16T19:16:25.238Z</updated>
    <generator>https://github.com/jpmonette/feed</generator>
    <link rel=\\"alternate\\" href=\\"https://www.keyakizaka46.com/\\"/>
    <link rel=\\"self\\" href=\\"https://www.keyakizaka46.com/\\"/>
    <subtitle>「坂道シリーズ」第2弾　欅坂46</subtitle>
    <rights>Seed &amp; Flower LLC</rights>
    <entry>
        <title type=\\"html\\"><![CDATA[5月15日(金)～WEBサイト「billboard JAPAN」の「#stayhome プレイリスト企画」に渡邉理佐と田村保乃が登場!]]></title>
        <id>/s/k46o/news/detail/M01655?ima=0000</id>
        <link href=\\"/s/k46o/news/detail/M01655?ima=0000\\">
        </link>
        <updated>2020-05-14T15:00:00.000Z</updated>
    </entry>
    <entry>
        <title type=\\"html\\"><![CDATA[佐藤詩織 一時的な活動参加のお知らせ]]></title>
        <id>/s/k46o/news/detail/O00198?ima=0000</id>
        <link href=\\"/s/k46o/news/detail/O00198?ima=0000\\">
        </link>
        <updated>2020-05-01T15:00:00.000Z</updated>
    </entry>
    <entry>
        <title type=\\"html\\"><![CDATA[欅坂46 4th YEAR ANNIVERSARY オフィシャルグッズ  一部アイテムラインナップ公開 &amp; インターネット通販のお知らせ]]></title>
        <id>/s/k46o/news/detail/G00105?ima=0000</id>
        <link href=\\"/s/k46o/news/detail/G00105?ima=0000\\">
        </link>
        <updated>2020-04-05T15:00:00.000Z</updated>
    </entry>
</feed>"
`;
